
> parquerm-frontend@0.0.0 build
> tsc -b && vite build

src/pages/lodging/LodgingPage.tsx(149,39): error TS2741: Property 'children' is missing in type '{}' but required in type '{ children: ReactNode; }'.
src/pages/receipts/CobroPage.tsx(203,17): error TS2322: Type '{ children: (Element | Element[])[]; style: { marginTop: number; }; }' is not assignable to type 'IntrinsicAttributes & Props'.
  Property 'style' does not exist on type 'IntrinsicAttributes & Props'.
src/pages/receipts/CobroPage.tsx(264,17): error TS2322: Type '{ children: Element[]; style: { marginTop: number; }; }' is not assignable to type 'IntrinsicAttributes & Props'.
  Property 'style' does not exist on type 'IntrinsicAttributes & Props'.
src/pages/receipts/ReceiptsPage.tsx(20,1): error TS6133: 'styles' is declared but its value is never read.
src/pages/reports/ReportsPage.tsx(126,13): error TS2322: Type '{ children: Element; style: { marginBottom: number; }; }' is not assignable to type 'IntrinsicAttributes & Props'.
  Property 'style' does not exist on type 'IntrinsicAttributes & Props'.
src/pages/reports/ReportsPage.tsx(185,19): error TS2322: Type '(_: any, i: any) => any' is not assignable to type '(row: Record<string, unknown>) => string | number'.
  Target signature provides too few arguments. Expected 2 or more, but got 1.
src/pages/reports/ReportsPage.tsx(185,34): error TS7006: Parameter '_' implicitly has an 'any' type.
src/pages/reports/ReportsPage.tsx(185,37): error TS7006: Parameter 'i' implicitly has an 'any' type.
src/router.tsx(30,37): error TS2307: Cannot find module '@/pages/config/RolesPage' or its corresponding type declarations.
src/router.tsx(31,37): error TS2307: Cannot find module '@/pages/audit/AuditPage' or its corresponding type declarations.
